// Jest Snapshot v1, https://goo.gl/fbAQLP

exports[`Should render the not found component 1`] = `
<div>
  404 Error (page not found)
  <Link
    replace={false}
    to="/"
  >
    Dashboard
  </Link>
</div>
`;
